// Jest Snapshot v1, https://goo.gl/fbAQLP

exports[`renders correctly 1`] = `
<RCTScrollView
  style={
    Object {
      "flex": 1,
    }
  }
>
  <View>
    <View />
  </View>
</RCTScrollView>
`;
